Jul  7 00:35:58 calvisitor-10-105-162-178 secd[276]:  securityd_xpc_dictionary_handler cloudd[326] copy_matching Error Domain=NSOSStatusErrorDomain Code=-50 "query missing class name" (paramErr: error in user parameter list) UserInfo={NSDescription=query missing class name}
Jul  7 00:35:58 calvisitor-10-105-162-178 cloudd[326]:  SecOSStatusWith error:[-50] Error Domain=NSOSStatusErrorDomain Code=-50 "query missing class name" (paramErr: error in user parameter list) UserInfo={NSDescription=query missing class name}
Jul  7 00:36:23 calvisitor-10-105-162-178 WindowServer[184]: send_datagram_available_ping: pid 445 failed to act on a ping it dequeued before timing out.
Jul  7 00:37:04 --- last message repeated 1 time ---
Jul  7 00:39:11 calvisitor-10-105-162-178 WeChat[24144]: jemmytest
Jul  7 00:39:18 calvisitor-10-105-162-178 WeChat[24144]: jemmytest
Jul  7 00:39:34 --- last message repeated 1 time ---
Jul  7 00:39:34 calvisitor-10-105-162-178 QQ[10018]: FA||Url||taskID[2019353730] dealloc
Jul  7 00:39:45 calvisitor-10-105-162-178 WeChat[24144]: jemmytest
Jul  7 00:39:59 calvisitor-10-105-162-178 locationd[82]: Location icon should now be in state 'Active'
Jul  7 00:40:00 calvisitor-10-105-162-178 locationd[82]: NETWORK: requery, 0, 0, 0, 0, 295, items, fQueryRetries, 0, fLastRetryTimestamp, 521105699.7
Jul  7 00:40:05 calvisitor-10-105-162-178 WindowServer[184]: send_datagram_available_ping: pid 445 failed to act on a ping it dequeued before timing out.
Jul  7 00:40:09 calvisitor-10-105-162-178 locationd[82]: Location icon should now be in state 'Inactive'
Jul  7 00:40:11 calvisitor-10-105-162-178 WeChat[24144]: jemmytest
Jul  7 00:41:29 calvisitor-10-105-162-178 WeChat[24144]: jemmytest
Jul  7 00:42:22 calvisitor-10-105-162-178 WindowServer[184]: send_datagram_available_ping: pid 445 failed to act on a ping it dequeued before timing out.
Jul  7 00:42:57 calvisitor-10-105-162-178 WeChat[24144]: jemmytest
Jul  7 00:43:06 calvisitor-10-105-162-178 WindowServer[184]: send_datagram_available_ping: pid 445 failed to act on a ping it dequeued before timing out.
Jul  7 00:43:08 calvisitor-10-105-162-178 sharingd[30299]: 00:43:08.408 : BTLE scanner Powered Off
Jul  7 00:43:08 calvisitor-10-105-162-178 sharingd[30299]: 00:43:08.409 : BTLE scanner Powered Off
Jul  7 00:43:08 calvisitor-10-105-162-178 wirelessproxd[75]: Failed to stop a scan - central is not powered on: 4
Jul  7 00:43:08 calvisitor-10-105-162-178 AirPlayUIAgent[415]: 2017-07-07 12:43:08.410199 AM [AirPlayUIAgent] BecomingInactive: NSWorkspaceWillSleepNotification
Jul  7 00:43:08 calvisitor-10-105-162-178 wirelessproxd[75]: Peripheral manager is not powered on
Jul  7 00:43:08 calvisitor-10-105-162-178 CommCenter[263]: Telling CSI to go low power.
Jul  7 00:43:08 calvisitor-10-105-162-178 kernel[0]: Setting BTCoex Config: enable_2G:1, profile_2g:0, enable_5G:1, profile_5G:0
Jul  7 00:43:08 calvisitor-10-105-162-178 blued[85]: blued: unable to relinquishBluetoothPagingLockAndReply Error Domain=com.apple.wifi.request.error Code=8 "(null)"
Jul  7 00:43:08 calvisitor-10-105-162-178 kernel[0]: AppleCamIn::systemWakeCall - messageType = 0xE0000340
Jul  7 00:43:08 calvisitor-10-105-162-178 identityservicesd[272]: <IMMacNotificationCenterManager: 0x7ff1b2d17980>: notification observer: com.apple.iChat   notification: __CFNotification 0x7ff1b2f0f440 {name = _NSDoNotDisturbEnabledNotification}
Jul  7 00:43:08 calvisitor-10-105-162-178 imagent[355]: <IMMacNotificationCenterManager: 0x7fdcc9d16380>: notification observer: com.apple.FaceTime   notification: __CFNotification 0x7fdcc9f21c50 {name = _NSDoNotDisturbEnabledNotification}
Jul  7 00:43:08 calvisitor-10-105-162-178 imagent[355]: <IMMacNotificationCenterManager: 0x7fdcc9d16380>:    NC Disabled: NO
Jul  7 00:43:08 calvisitor-10-105-162-178 identityservicesd[272]: <IMMacNotificationCenterManager: 0x7ff1b2d17980>:    NC Disabled: NO
Jul  7 00:43:08 calvisitor-10-105-162-178 sharingd[30299]: 00:43:08.554 : Purged contact hashes
Jul  7 00:43:08 calvisitor-10-105-162-178 sharingd[30299]: 00:43:08.554 : Discoverable mode changed to Off
Jul  7 00:43:08 calvisitor-10-105-162-178 sharingd[30299]: 00:43:08.554 : BTLE scanning stopped
Jul  7 00:43:08 calvisitor-10-105-162-178 wirelessproxd[75]: Central manager is not powered on
Jul  7 00:43:08 calvisitor-10-105-162-178 wirelessproxd[75]: Failed to stop a scan - central is not powered on: 4
Jul  7 00:43:08 calvisitor-10-105-162-178 imagent[355]: <IMMacNotificationCenterManager: 0x7fdcc9d16380>:   DND Enabled: YES
Jul  7 00:43:08 calvisitor-10-105-162-178 identityservicesd[272]: <IMMacNotificationCenterManager: 0x7ff1b2d17980>:   DND Enabled: YES
Jul  7 00:43:08 calvisitor-10-105-162-178 imagent[355]: <IMMacNotificationCenterManager: 0x7fdcc9d16380>: Updating enabled: NO   (Topics: (
	))
Jul  7 00:43:08 calvisitor-10-105-162-178 identityservicesd[272]: <IMMacNotificationCenterManager: 0x7ff1b2d17980>: Updating enabled: NO   (Topics: (
	))
Jul  7 00:43:08 calvisitor-10-105-162-178 identityservicesd[272]: <IMMacNotificationCenterManager: 0x7ff1b2e00ba0>: notification observer: com.apple.iChat   notification: __CFNotification 0x7ff1b2d34510 {name = _NSDoNotDisturbEnabledNotification}
Jul  7 00:43:08 calvisitor-10-105-162-178 identityservicesd[272]: <IMMacNotificationCenterManager: 0x7ff1b2e00ba0>:    NC Disabled: NO
Jul  7 00:43:08 calvisitor-10-105-162-178 identityservicesd[272]: <IMMacNotificationCenterManager: 0x7ff1b2e00ba0>:   DND Enabled: YES
Jul  7 00:43:08 calvisitor-10-105-162-178 identityservicesd[272]: <IMMacNotificationCenterManager: 0x7ff1b2e00ba0>: Updating enabled: NO   (Topics: (
	))
Jul  7 00:43:08 calvisitor-10-105-162-178 QQ[10018]: 2017/07/07 00:43:08.746 | I | VoipWrapper  | DAVEngineImpl.cpp:1400:Close             | close video chat. llFriendUIN = 670993529.
Jul  7 00:43:08 --- last message repeated 1 time ---
Jul  7 00:43:08 calvisitor-10-105-162-178 QQ[10018]: 2017/07/07 00:43:08.754 | I | VoipWrapper  | DAVEngineImpl.cpp:1400:Close             | close video chat. llFriendUIN = 1742124257.
Jul  7 00:43:08 --- last message repeated 1 time ---
Jul  7 00:43:08 calvisitor-10-105-162-178 QQ[10018]: 2017/07/07 00:43:08.756 | I | VoipWrapper  | DAVEngineImpl.cpp:1400:Close             | close video chat. llFriendUIN = 535204893.
Jul  7 00:43:09 --- last message repeated 1 time ---
Jul  7 00:43:09 calvisitor-10-105-162-178 kernel[0]: Setting BTCoex Config: enable_2G:1, profile_2g:0, enable_5G:1, profile_5G:0
Jul  7 00:43:09 calvisitor-10-105-162-178 kernel[0]: AppleCamIn::systemWakeCall - messageType = 0xE0000340
Jul  7 00:43:09 calvisitor-10-105-162-178 identityservicesd[272]: <IMMacNotificationCenterManager: 0x7ff1b2e00ba0>: notification observer: com.apple.iChat   notification: __CFNotification 0x7ff1b2c16090 {name = _NSDoNotDisturbDisabledNotification}
Jul  7 00:43:09 calvisitor-10-105-162-178 imagent[355]: <IMMacNotificationCenterManager: 0x7fdcc9d16380>: notification observer: com.apple.FaceTime   notification: __CFNotification 0x7fdccb20cd70 {name = _NSDoNotDisturbDisabledNotification}
Jul  7 00:43:09 calvisitor-10-105-162-178 identityservicesd[272]: <IMMacNotificationCenterManager: 0x7ff1b2e00ba0>:    NC Disabled: NO
Jul  7 00:43:09 calvisitor-10-105-162-178 imagent[355]: <IMMacNotificationCenterManager: 0x7fdcc9d16380>:    NC Disabled: NO
Jul  7 00:43:09 calvisitor-10-105-162-178 identityservicesd[272]: <IMMacNotificationCenterManager: 0x7ff1b2e00ba0>:   DND Enabled: NO
Jul  7 00:43:09 calvisitor-10-105-162-178 imagent[355]: <IMMacNotificationCenterManager: 0x7fdcc9d16380>:   DND Enabled: NO
Jul  7 00:43:09 calvisitor-10-105-162-178 imagent[355]: <IMMacNotificationCenterManager: 0x7fdcc9d16380>: Updating enabled: YES   (Topics: (
	    "com.apple.ess",
	    "com.apple.private.ac"
	))
Jul  7 00:43:09 calvisitor-10-105-162-178 identityservicesd[272]: <IMMacNotificationCenterManager: 0x7ff1b2e00ba0>: Updating enabled: YES   (Topics: (
	    "com.apple.private.alloy.icloudpairing",
	    "com.apple.private.alloy.continuity.encryption",
	    "com.apple.private.alloy.continuity.activity",
	    "com.apple.ess",
	    "com.apple.private.ids",
	    "com.apple.private.alloy.phonecontinuity",
	    "com.apple.madrid",
	    "com.apple.private.ac",
	    "com.apple.private.alloy.phone.auth",
	    "com.apple.private.alloy.keychainsync",
	    "com.apple.private.alloy.fmf",
	    "com.apple.private.alloy.sms",
	    "com.apple.private.alloy.screensharing",
	    "com.apple.private.alloy.maps",
	    "com.apple.private.alloy.thumper.keys",
	    "com.apple.private.alloy.continuity.tethering"
	))
Jul  7 00:43:09 calvisitor-10-105-162-178 identityservicesd[272]: <IMMacNotificationCenterManager: 0x7ff1b2d17980>: notification observer: com.apple.iChat   notification: __CFNotification 0x7ff1b5018d40 {name = _NSDoNotDisturbDisabledNotification}
Jul  7 00:43:09 calvisitor-10-105-162-178 identityservicesd[272]: <IMMacNotificationCenterManager: 0x7ff1b2d17980>:    NC Disabled: NO
Jul  7 00:43:09 calvisitor-10-105-162-178 identityservicesd[272]: <IMMacNotificationCenterManager: 0x7ff1b2d17980>:   DND Enabled: NO
Jul  7 00:43:09 calvisitor-10-105-162-178 identityservicesd[272]: <IMMacNotificationCenterManager: 0x7ff1b2d17980>: Updating enabled: YES   (Topics: (
	    "com.apple.madrid"
	))
Jul  7 00:43:09 calvisitor-10-105-162-178 sharingd[30299]: 00:43:09.557 : Discoverable mode changed to Contacts Only
Jul  7 00:43:09 calvisitor-10-105-162-178 sharingd[30299]: 00:43:09.557 : BTLE scanning started
Jul  7 00:43:09 calvisitor-10-105-162-178 sharingd[30299]: 00:43:09.558 : Scanning mode Contacts Only
Jul  7 00:43:09 calvisitor-10-105-162-178 sharingd[30299]: 00:43:09.559 : BTLE scanner Powered Off
Jul  7 00:43:09 calvisitor-10-105-162-178 WindowServer[184]: device_generate_desktop_screenshot: authw 0x7fa82d56a400(2000), shield 0x7fa82466b600(2001)
Jul  7 00:43:09 calvisitor-10-105-162-178 WindowServer[184]: device_generate_lock_screen_screenshot: authw 0x7fa82d56a400(2000)[0, 0, 0, 0] shield 0x7fa82466b600(2001), dev [1440,900]
Jul  7 00:43:09 calvisitor-10-105-162-178 WindowServer[184]: no sleep images for WillPowerOffWithImages
Jul  7 00:43:09 calvisitor-10-105-162-178 com.apple.xpc.launchd[1] (com.apple.xpc.launchd.domain.user.501): Service "com.apple.xpc.launchd.unmanaged.loginwindow.94" tried to hijack endpoint "com.apple.tsm.uiserver" from owner: com.apple.SystemUIServer.agent
Jul  7 00:43:12 --- last message repeated 1 time ---
Jul  7 00:43:12 calvisitor-10-105-162-178 kernel[0]: IOPMrootDomain: idle cancel, state 1
Jul  7 00:43:12 calvisitor-10-105-162-178 kernel[0]: Setting BTCoex Config: enable_2G:1, profile_2g:0, enable_5G:1, profile_5G:0
Jul  7 00:43:13 calvisitor-10-105-162-178 identityservicesd[272]: <IMMacNotificationCenterManager: 0x7ff1b2d17980>: notification observer: com.apple.iChat   notification: __CFNotification 0x7ff1b533b690 {name = _NSDoNotDisturbEnabledNotification}
Jul  7 00:43:13 calvisitor-10-105-162-178 imagent[355]: <IMMacNotificationCenterManager: 0x7fdcc9d16380>: notification observer: com.apple.FaceTime   notification: __CFNotification 0x7fdcc9d19ba0 {name = _NSDoNotDisturbEnabledNotification}
Jul  7 00:43:13 calvisitor-10-105-162-178 identityservicesd[272]: <IMMacNotificationCenterManager: 0x7ff1b2d17980>:    NC Disabled: NO
Jul  7 00:43:13 calvisitor-10-105-162-178 imagent[355]: <IMMacNotificationCenterManager: 0x7fdcc9d16380>:    NC Disabled: NO
Jul  7 00:43:13 calvisitor-10-105-162-178 sharingd[30299]: 00:43:13.110 : Purged contact hashes
Jul  7 00:43:13 calvisitor-10-105-162-178 sharingd[30299]: 00:43:13.111 : Discoverable mode changed to Off
Jul  7 00:43:13 calvisitor-10-105-162-178 sharingd[30299]: 00:43:13.111 : BTLE scanning stopped
Jul  7 00:43:13 calvisitor-10-105-162-178 wirelessproxd[75]: Central manager is not powered on
Jul  7 00:43:13 calvisitor-10-105-162-178 imagent[355]: <IMMacNotificationCenterManager: 0x7fdcc9d16380>:   DND Enabled: YES
Jul  7 00:43:13 calvisitor-10-105-162-178 identityservicesd[272]: <IMMacNotificationCenterManager: 0x7ff1b2d17980>:   DND Enabled: YES
Jul  7 00:43:13 calvisitor-10-105-162-178 imagent[355]: <IMMacNotificationCenterManager: 0x7fdcc9d16380>: Updating enabled: NO   (Topics: (
	))
Jul  7 00:43:13 calvisitor-10-105-162-178 identityservicesd[272]: <IMMacNotificationCenterManager: 0x7ff1b2d17980>: Updating enabled: NO   (Topics: (
	))
Jul  7 00:43:13 calvisitor-10-105-162-178 identityservicesd[272]: <IMMacNotificationCenterManager: 0x7ff1b2e00ba0>: notification observer: com.apple.iChat   notification: __CFNotification 0x7ff1b52690c0 {name = _NSDoNotDisturbEnabledNotification}
Jul  7 00:43:13 calvisitor-10-105-162-178 identityservicesd[272]: <IMMacNotificationCenterManager: 0x7ff1b2e00ba0>:    NC Disabled: NO
Jul  7 00:43:13 calvisitor-10-105-162-178 identityservicesd[272]: <IMMacNotificationCenterManager: 0x7ff1b2e00ba0>:   DND Enabled: YES
Jul  7 00:43:13 calvisitor-10-105-162-178 identityservicesd[272]: <IMMacNotificationCenterManager: 0x7ff1b2e00ba0>: Updating enabled: NO   (Topics: (
	))
Jul  7 00:43:19 calvisitor-10-105-162-178 loginwindow[94]: CoreAnimation: warning, deleted thread with uncommitted CATransaction; set CA_DEBUG_TRANSACTIONS=1 in environment to log backtraces.
Jul  7 00:43:23 calvisitor-10-105-162-178 kernel[0]: ARPT: 761624.217116: wl0: setup_keepalive: interval 900, retry_interval 30, retry_count 10
Jul  7 00:43:23 calvisitor-10-105-162-178 kernel[0]: ARPT: 761624.217132: wl0: setup_keepalive: Local IP: 10.105.162.178
Jul  7 00:43:23 calvisitor-10-105-162-178 kernel[0]: ARPT: 761624.217137: wl0: setup_keepalive: Remote IP: 17.249.28.88
Jul  7 00:43:23 calvisitor-10-105-162-178 kernel[0]: ARPT: 761624.217154: wl0: setup_keepalive: Local port: 56465, Remote port: 443
Jul  7 00:43:23 calvisitor-10-105-162-178 kernel[0]: ARPT: 761624.217161: wl0: setup_keepalive: Seq: 3991913689, Ack: 579930362, Win size: 4096
Jul  7 00:43:23 calvisitor-10-105-162-178 kernel[0]: ARPT: 761624.217185: wl0: MDNS: IPV4 Addr: 10.105.162.178
Jul  7 00:43:23 calvisitor-10-105-162-178 kernel[0]: ARPT: 761624.217191: wl0: MDNS: IPV6 Addr: fe80:0:0:0:c6b3:1ff:fecd:467f
Jul  7 00:43:23 calvisitor-10-105-162-178 kernel[0]: ARPT: 761624.217198: wl0: MDNS: IPV6 Addr: 2607:f140:6000:8:c6b3:1ff:fecd:467f
Jul  7 00:43:23 calvisitor-10-105-162-178 kernel[0]: ARPT: 761624.217204: wl0: MDNS: IPV6 Addr: 2607:f140:6000:8:f882:21d2:d1af:f093
Jul  7 00:43:23 calvisitor-10-105-162-178 kernel[0]: ARPT: 761624.217210: wl0: MDNS: 0 SRV Recs, 0 TXT Recs
Jul  7 00:43:26 calvisitor-10-105-162-178 kernel[0]: PM response took 3150 ms (54, powerd)
Jul  7 00:43:26 calvisitor-10-105-162-178 kernel[0]: AppleCamIn::systemWakeCall - messageType = 0xE0000280
Jul  7 00:43:26 calvisitor-10-105-162-178 kernel[0]: ARPT: 761627.357625: AirPort_Brcm43xx::powerChange: System Sleep 
Jul  7 00:43:26 calvisitor-10-105-162-178 kernel[0]: ARPT: 761627.357643: IOPMPowerSource Information: onSleep,  SleepType: Normal Sleep,  'ExternalConnected': Yes, 'TimeRemaining': 0, 
Jul  7 00:43:26 calvisitor-10-105-162-178 kernel[0]: AppleCamIn::systemWakeCall - messageType = 0xE0000340
Jul  7 00:43:26 calvisitor-10-105-162-178 kernel[0]: kern_open_file_for_direct_io(0)
Jul  7 00:43:26 calvisitor-10-105-162-178 kernel[0]: kern_open_file_for_direct_io took 5 ms
Jul  7 00:43:26 calvisitor-10-105-162-178 kernel[0]: Opened file /var/log/SleepWakeStacks.bin, size 172032, extents 1, maxio 2000000 ssd 1
Jul  7 00:43:26 calvisitor-10-105-162-178 kernel[0]: polled file major 1, minor 0, blocksize 4096, pollers 5
Jul  7 00:52:53 calvisitor-10-105-162-178 kernel[0]: AppleThunderboltNHIType2::prePCIWake - power up complete - took 1 us
Jul  7 00:52:53 calvisitor-10-105-162-178 kernel[0]: AppleThunderboltGenericHAL::earlyWake - complete - took 0 milliseconds
Jul  7 00:52:53 calvisitor-10-105-162-178 kernel[0]: Bluetooth -- LE is supported - Disable LE meta event
Jul  7 00:52:53 calvisitor-10-105-162-178 kernel[0]: AirPort: Link Down on awdl0. Reason 1 (Unspecified).
Jul  7 00:52:53 calvisitor-10-105-162-178 kernel[0]: ARPT: 761628.032438: wl0: wl_update_tcpkeep_seq: Original Seq: 3991913689, Ack: 579930362, Win size: 4096
Jul  7 00:52:53 calvisitor-10-105-162-178 kernel[0]: ARPT: 761628.032464: wl0: wl_update_tcpkeep_seq: Updated seq/ack/win from UserClient Seq 3991914398, Ack 579930362, Win size 601
Jul  7 00:52:53 calvisitor-10-105-162-178 kernel[0]: ARPT: 761628.032492: wl0: leaveModulePoweredForOffloads: Wi-Fi will stay on.
Jul  7 00:52:53 calvisitor-10-105-162-178 kernel[0]: ARPT: 761628.061031: AirPort_Brcm43xx::platformWoWEnable: WWEN[enable]
Jul  7 00:52:53 calvisitor-10-105-162-178 kernel[0]: ARPT: 761628.061841: AirPort_Brcm43xx::syncPowerState: WWEN[enabled]
Jul  7 00:52:53 calvisitor-10-105-162-178 kernel[0]: IOThunderboltSwitch<0>(0x0)::listenerCallback - Thunderbolt HPD packet for route = 0x0 port = 11 unplug = 0
Jul  7 00:52:53 calvisitor-10-105-162-178 kernel[0]: IOThunderboltSwitch<0>(0x0)::listenerCallback - Thunderbolt HPD packet for route = 0x0 port = 12 unplug = 0
Jul  7 00:52:53 calvisitor-10-105-162-178 kernel[0]: AppleCamIn::systemWakeCall - messageType = 0xE0000340
Jul  7 00:43:28 calvisitor-10-105-162-178 kernel[0]: AppleThunderboltNHIType2::waitForOk2Go2Sx - intel_rp = 1 dlla_reporting_supported = 0
Jul  7 00:52:53 calvisitor-10-105-162-178 kernel[0]: AppleThunderboltNHIType2::waitForOk2Go2Sx - retries = 5
Jul  7 00:52:53 calvisitor-10-105-162-178 kernel[0]: Wake reason: ?
Jul  7 00:52:53 calvisitor-10-105-162-178 kernel[0]: AppleCamIn::systemWakeCall - messageType = 0xE0000340
Jul  7 00:52:53 calvisitor-10-105-162-178 kernel[0]: AppleCamIn::wakeEventHandlerThread
Jul  7 00:52:53 calvisitor-10-105-162-178 syslogd[44]: ASL Sender Statistics
Jul  7 00:52:53 calvisitor-10-105-162-178 kernel[0]: Previous sleep cause: 5
Jul  7 00:52:53 calvisitor-10-105-162-178 kernel[0]: AppleThunderboltNHIType2::prePCIWake - power up complete - took 1 us
Jul  7 00:52:53 calvisitor-10-105-162-178 kernel[0]: AppleThunderboltGenericHAL::earlyWake - complete - took 1 milliseconds
Jul  7 00:52:53 calvisitor-10-105-162-178 kernel[0]: IOThunderboltSwitch<0>(0x0)::listenerCallback - Thunderbolt HPD packet for route = 0x0 port = 11 unplug = 0
Jul  7 00:52:53 calvisitor-10-105-162-178 kernel[0]: IOThunderboltSwitch<0>(0x0)::listenerCallback - Thunderbolt HPD packet for route = 0x0 port = 12 unplug = 0
Jul  7 00:52:53 calvisitor-10-105-162-178 kernel[0]: TBT W (2): 0x0040 [x]
Jul  7 00:52:53 calvisitor-10-105-162-178 kernel[0]: en0: channel changed to 1
Jul  7 00:52:53 calvisitor-10-105-162-178 kernel[0]: ARPT: 761630.105899: ARPT: Wake Reason: Wake on Scan offload; Disconnect reason: Class 3 frame received from nonassociated STA
Jul  7 00:52:53 calvisitor-10-105-162-178 kernel[0]: AirPort: Link Down on en0. Reason 8 (Disassociated because station leaving).
Jul  7 00:52:53 calvisitor-10-105-162-178 kernel[0]: en0: channel changed to 1
Jul  7 00:52:53 calvisitor-10-105-162-178 kernel[0]: en0::IO80211Interface::postMessage bssid changed
Jul  7 00:52:53 calvisitor-10-105-162-178 kernel[0]: en0: 802.11d country code set to 'X3'.
Jul  7 00:52:53 calvisitor-10-105-162-178 kernel[0]: en0: Supported channels 1 2 3 4 5 6 7 8 9 10 11 12 13 36 40 44 48 52 56 60 64 100 104 108 112 116 120 124 128 132 136 140 144 149 153 157 161
Jul  7 00:52:53 calvisitor-10-105-162-178 symptomsd[215]: -[NetworkAnalyticsEngine _writeJournalRecord:fromCellFingerprint:key:atLOI:ofKind:lqm:isFaulty:] Hashing of the primary key failed. Dropping the journal record.
Jul  7 00:52:53 calvisitor-10-105-162-178 kernel[0]: AirPort: Link Up on awdl0
Jul  7 00:52:53 authorMacBook-Pro configd[53]: setting hostname to "authorMacBook-Pro.local"
Jul  7 00:52:53 authorMacBook-Pro Dock[307]: -[UABestAppSuggestionManager notifyBestAppChanged:type:options:bundleIdentifier:activityType:dynamicIdentifier:when:confidence:deviceName:deviceIdentifier:deviceType:] (null) UASuggestedActionType=0 (null)/(null) opts=(null) when=2017-07-07 07:52:53 +0000 confidence=1 from=(null)/(null) (UABestAppSuggestionManager.m #319)
Jul  7 00:52:53 authorMacBook-Pro networkd[195]: nw_nat64_post_new_ifstate successfully changed NAT64 ifstate from 0x8000000000000000 to 0x4
Jul  7 00:52:53 authorMacBook-Pro networkd[195]: -[NETClientConnection evaluateCrazyIvan46] CI46 - Perform CrazyIvan46! QQ.10018 tc24451 117.144.244.33:443
Jul  7 00:52:54 authorMacBook-Pro symptomsd[215]: __73-[NetworkAnalyticsEngine observeValueForKeyPath:ofObject:change:context:]_block_invoke unexpected switch value 2
Jul  7 00:52:54 authorMacBook-Pro configd[53]: network changed: v4(en0-:10.105.162.178) v6(en0:2607:f140:6000:8:c6b3:1ff:fecd:467f) DNS! Proxy SMB
Jul  7 00:52:54 authorMacBook-Pro kernel[0]: in6_unlink_ifa: IPv6 address 0x77c911453a6db10b has no prefix
Jul  7 00:52:54 authorMacBook-Pro kernel[0]: in6_unlink_ifa: IPv6 address 0x77c911453a6dbcdb has no prefix
Jul  7 00:52:54 authorMacBook-Pro UserEventAgent[43]: Captive: CNPluginHandler en0: Inactive
Jul  7 00:52:54 authorMacBook-Pro configd[53]: network changed: v6(en0-:2607:f140:6000:8:c6b3:1ff:fecd:467f) DNS- Proxy-
Jul  7 00:52:54 authorMacBook-Pro networkd[195]: __42-[NETClientConnection evaluateCrazyIvan46]_block_invoke CI46 - Hit by torpedo! QQ.10018 tc24451 117.144.244.33:443
Jul  7 00:52:54 authorMacBook-Pro networkd[195]: -[NETClientConnection effectiveBundleID] using process name apsd as bundle ID (this is expected for daemons without bundle ID
Jul  7 00:52:54 --- last message repeated 3 times ---
Jul  7 00:52:54 authorMacBook-Pro Dropbox[24019]: [0707/005254:WARNING:dns_config_service_posix.cc(306)] Failed to read DnsConfig.
Jul  7 00:52:54 authorMacBook-Pro kernel[0]: Setting BTCoex Config: enable_2G:1, profile_2g:0, enable_5G:1, profile_5G:0
Jul  7 00:52:54 authorMacBook-Pro kernel[0]: IO80211AWDLPeerManager::setAwdlOperatingMode Setting the AWDL operation mode from AUTO to SUSPENDED
Jul  7 00:52:54 authorMacBook-Pro kernel[0]: IO80211AWDLPeerManager::setAwdlSuspendedMode() Suspending AWDL, enterQuietMode(true)
Jul  7 00:52:54 authorMacBook-Pro com.apple.WebKit.WebContent[25654]: [00:52:54.174] <<<< CRABS >>>> crabsFlumeHostUnavailable: [0x7f961cf08cf0] Byte flume reports host unavailable.
Jul  7 00:52:54 authorMacBook-Pro Dropbox[24019]: [0707/005254:WARNING:dns_config_service_posix.cc(306)] Failed to read DnsConfig.
Jul  7 00:52:54 authorMacBook-Pro mDNSResponder[91]: mDNS_RegisterInterface: Frequent transitions for interface awdl0 (FE80:0000:0000:0000:D8A5:90FF:FEF5:7FFF)
Jul  7 00:52:54 authorMacBook-Pro networkd[195]: -[NETClientConnection evaluateCrazyIvan46] CI46 - Perform CrazyIvan46! QQ.10018 tc24759 119.81.102.227:80
Jul  7 00:52:54 authorMacBook-Pro networkd[195]: __42-[NETClientConnection evaluateCrazyIvan46]_block_invoke CI46 - Hit by torpedo! QQ.10018 tc24759 119.81.102.227:80
Jul  7 00:52:54 authorMacBook-Pro QQ[10018]: tcp_connection_handle_connect_conditions_bad 24759 failed: 3 - No network route
Jul  7 00:52:54 authorMacBook-Pro networkd[195]: -[NETClientConnection evaluateCrazyIvan46] CI46 - Perform CrazyIvan46! QQ.10018 tc24760 123.151.10.184:80
Jul  7 00:52:54 authorMacBook-Pro networkd[195]: __42-[NETClientConnection evaluateCrazyIvan46]_block_invoke CI46 - Hit by torpedo! QQ.10018 tc24760 123.151.10.184:80
Jul  7 00:52:54 authorMacBook-Pro QQ[10018]: tcp_connection_handle_connect_conditions_bad 24760 failed: 3 - No network route
Jul  7 00:52:54 authorMacBook-Pro networkd[195]: -[NETClientConnection evaluateCrazyIvan46] CI46 - Perform CrazyIvan46! QQ.10018 tc24761 203.205.147.206:8080
Jul  7 00:52:54 authorMacBook-Pro networkd[195]: __42-[NETClientConnection evaluateCrazyIvan46]_block_invoke CI46 - Hit by torpedo! QQ.10018 tc24761 203.205.147.206:8080
Jul  7 00:52:54 authorMacBook-Pro QQ[10018]: tcp_connection_handle_connect_conditions_bad 24761 failed: 3 - No network route
Jul  7 00:52:54 authorMacBook-Pro networkd[195]: -[NETClientConnection evaluateCrazyIvan46] CI46 - Perform CrazyIvan46! QQ.10018 tc24762 183.36.108.140:80
Jul  7 00:52:54 authorMacBook-Pro networkd[195]: __42-[NETClientConnection evaluateCrazyIvan46]_block_invoke CI46 - Hit by torpedo! QQ.10018 tc24762 183.36.108.140:80
Jul  7 00:52:54 authorMacBook-Pro QQ[10018]: tcp_connection_handle_connect_conditions_bad 24762 failed: 3 - No network route
Jul  7 00:52:54 authorMacBook-Pro networkd[195]: -[NETClientConnection evaluateCrazyIvan46] CI46 - Perform CrazyIvan46! QQ.10018 tc24763 125.39.133.139:14000
Jul  7 00:52:54 authorMacBook-Pro networkd[195]: __42-[NETClientConnection evaluateCrazyIvan46]_block_invoke CI46 - Hit by torpedo! QQ.10018 tc24763 125.39.133.139:14000
Jul  7 00:52:54 authorMacBook-Pro QQ[10018]: tcp_connection_handle_connect_conditions_bad 24763 failed: 3 - No network route
Jul  7 00:52:54 authorMacBook-Pro networkd[195]: -[NETClientConnection evaluateCrazyIvan46] CI46 - Perform CrazyIvan46! QQ.10018 tc24764 121.51.36.148:443
Jul  7 00:52:54 authorMacBook-Pro networkd[195]: __42-[NETClientConnection evaluateCrazyIvan46]_block_invoke CI46 - Hit by torpedo! QQ.10018 tc24764 121.51.36.148:443
Jul  7 00:52:54 authorMacBook-Pro QQ[10018]: tcp_connection_handle_connect_conditions_bad 24764 failed: 3 - No network route
Jul  7 00:52:54 authorMacBook-Pro networkd[195]: -[NETClientConnection evaluateCrazyIvan46] CI46 - Perform CrazyIvan46! QQ.10018 tc24767 123.151.139.59:80
Jul  7 00:52:54 authorMacBook-Pro networkd[195]: __42-[NETClientConnection evaluateCrazyIvan46]_block_invoke CI46 - Hit by torpedo! QQ.10018 tc24767 123.151.139.59:80
Jul  7 00:52:54 authorMacBook-Pro QQ[10018]: tcp_connection_handle_connect_conditions_bad 24767 failed: 3 - No network route
Jul  7 00:52:54 authorMacBook-Pro networkd[195]: -[NETClientConnection evaluateCrazyIvan46] CI46 - Perform CrazyIvan46! QQ.10018 tc24768 203.205.147.247:80
Jul  7 00:52:54 authorMacBook-Pro networkd[195]: __42-[NETClientConnection evaluateCrazyIvan46]_block_invoke CI46 - Hit by torpedo! QQ.10018 tc24768 203.205.147.247:80
Jul  7 00:52:54 authorMacBook-Pro QQ[10018]: tcp_connection_handle_connect_conditions_bad 24768 failed: 3 - No network route
Jul  7 00:52:54 authorMacBook-Pro networkd[195]: -[NETClientConnection evaluateCrazyIvan46] CI46 - Perform CrazyIvan46! QQ.10018 tc24769 183.36.108.143:80
Jul  7 00:52:54 authorMacBook-Pro networkd[195]: __42-[NETClientConnection evaluateCrazyIvan46]_block_invoke CI46 - Hit by torpedo! QQ.10018 tc24769 183.36.108.143:80
Jul  7 00:52:54 authorMacBook-Pro QQ[10018]: tcp_connection_handle_connect_conditions_bad 24769 failed: 3 - No network route
Jul  7 00:52:54 authorMacBook-Pro networkd[195]: -[NETClientConnection evaluateCrazyIvan46] CI46 - Perform CrazyIvan46! QQ.10018 tc24770 125.39.247.148:80
Jul  7 00:52:54 authorMacBook-Pro networkd[195]: __42-[NETClientConnection evaluateCrazyIvan46]_block_invoke CI46 - Hit by torpedo! QQ.10018 tc24770 125.39.247.148:80
Jul  7 00:52:54 authorMacBook-Pro QQ[10018]: tcp_connection_handle_connect_conditions_bad 24770 failed: 3 - No network route
Jul  7 00:52:54 authorMacBook-Pro networkd[195]: -[NETClientConnection evaluateCrazyIvan46] CI46 - Perform CrazyIvan46! QQ.10018 tc24771 117.135.169.110:80
Jul  7 00:52:54 authorMacBook-Pro networkd[195]: __42-[NETClientConnection evaluateCrazyIvan46]_block_invoke CI46 - Hit by torpedo! QQ.10018 tc24771 117.135.169.110:80
Jul  7 00:52:54 authorMacBook-Pro QQ[10018]: tcp_connection_handle_connect_conditions_bad 24771 failed: 3 - No network route
Jul  7 00:52:54 authorMacBook-Pro kernel[0]: en0: 802.11d country code set to 'US'.
Jul  7 00:52:54 authorMacBook-Pro networkd[195]: nw_nat64_post_new_ifstate successfully changed NAT64 ifstate from 0x4 to 0x8000000000000000
Jul  7 00:52:54 authorMacBook-Pro kernel[0]: ARPT: 761631.136009: wlc_dump_aggfifo:
Jul  7 00:52:54 authorMacBook-Pro kernel[0]: ARPT: 761631.136051: framerdy 0x0 bmccmd 3 framecnt 1024 
Jul  7 00:52:54 authorMacBook-Pro kernel[0]: ARPT: 761631.136109: AQM agg params 0xfc0 maxlen hi/lo 0x0 0xffff minlen 0x0 adjlen 0x0
Jul  7 00:52:54 authorMacBook-Pro kernel[0]: ARPT: 761631.136154: AQM agg results 0x8001 len hi/lo: 0x0 0x26 BAbitmap(0-3) 0 0 0 0
Jul  7 00:52:54 authorMacBook-Pro kernel[0]: USBMSC Identifier (non-unique): 000000000820 0x5ac 0x8406 0x820, 3
Jul  7 00:52:54 authorMacBook-Pro kernel[0]: ARPT: 761631.159867: AirPort_Brcm43xx::powerChange: System Wake - Full Wake/ Dark Wake / Maintenance wake
Jul  7 00:52:54 authorMacBook-Pro kernel[0]: ARPT: 761631.159886: IOPMPowerSource Information: onWake,  SleepType: Normal Sleep,  'ExternalConnected': Yes, 'TimeRemaining': 0, 
Jul  7 00:52:54 authorMacBook-Pro kernel[0]: ARPT: 761631.159908: ARPT: Wake Reason: Wake on Scan offload
Jul  7 00:52:54 authorMacBook-Pro kernel[0]: ARPT: 761631.159949: AirPort_Brcm43xx::platformWoWEnable: WWEN[disable]
Jul  7 00:52:54 authorMacBook-Pro kernel[0]: AppleCamIn::systemWakeCall - messageType = 0xE0000340
Jul  7 00:52:54 authorMacBook-Pro kernel[0]: AppleCamIn::wakeEventHandlerThread
Jul  7 00:52:54 authorMacBook-Pro kernel[0]: [HID] [ATC] AppleDeviceManagementHIDEventService::processWakeReason Wake reason: Host (0x01)
Jul  7 00:52:54 authorMacBook-Pro com.apple.cts[258]: com.apple.Safari.SafeBrowsing.Update: scheduler_evaluate_activity told me to run this job; however, but the start time isn't for 567 seconds.  Ignoring.
Jul  7 00:52:54 authorMacBook-Pro com.apple.cts[258]: com.apple.icloud.fmfd.heartbeat: scheduler_evaluate_activity told me to run this job; however, but the start time isn't for 505392 seconds.  Ignoring.
Jul  7 00:52:54 authorMacBook-Pro com.apple.cts[258]: com.apple.suggestions.harvest: scheduler_evaluate_activity told me to run this job; however, but the start time isn't for 11615 seconds.  Ignoring.
Jul  7 00:52:54 authorMacBook-Pro com.apple.cts[258]: com.apple.EscrowSecurityAlert.daily: scheduler_evaluate_activity told me to run this job; however, but the start time isn't for 43937 seconds.  Ignoring.
Jul  7 00:52:54 authorMacBook-Pro com.apple.cts[43]: com.apple.CacheDelete.daily: scheduler_evaluate_activity told me to run this job; however, but the start time isn't for 43849 seconds.  Ignoring.
Jul  7 00:52:54 authorMacBook-Pro com.apple.cts[43]: com.apple.SoftwareUpdate.Activity: scheduler_evaluate_activity told me to run this job; however, but the start time isn't for 5735 seconds.  Ignoring.
Jul  7 00:52:54 authorMacBook-Pro kernel[0]: PM response took 130 ms (54, powerd)
Jul  7 00:52:54 authorMacBook-Pro cdpd[11807]: Saw change in network reachability (isReachable=0)
Jul  7 00:52:54 authorMacBook-Pro netbiosd[37104]: network_reachability_changed : network is not reachable, netbiosd is shutting down
Jul  7 00:52:54 authorMacBook-Pro symptomsd[215]: __73-[NetworkAnalyticsEngine observeValueForKeyPath:ofObject:change:context:]_block_invoke unexpected switch value 2
Jul  7 00:52:54 authorMacBook-Pro corecaptured[37602]: CCProfileMonitor::profileCallback Entered token:1
Jul  7 00:52:54 authorMacBook-Pro corecaptured[37602]: CCProfileMonitor::setStreamEventHandler 
Jul  7 00:52:54 authorMacBook-Pro corecaptured[37602]: CCXPCService::setStreamEventHandler Registered for notification callback.
Jul  7 00:52:55 authorMacBook-Pro corecaptured[37602]: CCIOReporterFormatter::refreshSubscriptionsFromStreamRegistry clearing out any previous subscriptions
Jul  7 00:52:55 authorMacBook-Pro corecaptured[37602]: CCIOReporterFormatter::addRegistryChildToChannelDictionary streams 7
Jul  7 00:52:55 authorMacBook-Pro corecaptured[37602]: Received Capture Event
Jul  7 00:52:55 authorMacBook-Pro corecaptured[37602]: CCFile::captureLog
Jul  7 00:52:55 authorMacBook-Pro corecaptured[37602]: CCFile::captureLog Received Capture notice id: 1499413974.449889, reason = AuthFail:sts:5_rsn:0
Jul  7 00:52:55 authorMacBook-Pro corecaptured[37602]: CCFile::copyFile fileName is [2017-07-07_00,52,55.450845]-io80211Family-001.pcapng, source path:/var/log/CoreCapture/com.apple.iokit.IO80211Family/IO80211AWDLPeerManager//[2017-07-07_00,52,55.450845]-io80211Family-001.pcapng, dest path:/Library/Logs/CrashReporter/CoreCapture/com.apple.iokit.IO80211Family/[2017-07-07_00,52,54.449889]=AuthFail:sts:5_rsn:0/IO80211AWDLPeerManager//[2017-07-07_00,52,55.450845]-io80211Family-001.pcapng
Jul  7 00:52:55 authorMacBook-Pro corecaptured[37602]: CCFile::captureLogRun Skipping current file Dir file [2017-07-07_00,52,55.470107]-io80211Family-002.pcapng, Current File [2017-07-07_00,52,55.470107]-io80211Family-002.pcapng
Jul  7 00:52:55 authorMacBook-Pro corecaptured[37602]: CCFile::captureLogRun() Exiting CCFile::captureLogRun 
Jul  7 00:52:55 authorMacBook-Pro corecaptured[37602]: Received Capture Event
Jul  7 00:52:55 authorMacBook-Pro corecaptured[37602]: CCFile::captureLog
Jul  7 00:52:55 authorMacBook-Pro corecaptured[37602]: CCFile::captureLog Received Capture notice id: 1499413974.449889, reason = AuthFail:sts:5_rsn:0
Jul  7 00:52:55 authorMacBook-Pro corecaptured[37602]: CCIOReporterFormatter::refreshSubscriptionsFromStreamRegistry clearing out any previous subscriptions
Jul  7 00:52:55 authorMacBook-Pro corecaptured[37602]: CCIOReporterFormatter::addRegistryChildToChannelDictionary streams 7
Jul  7 00:52:55 authorMacBook-Pro corecaptured[37602]: CCFile::copyFile fileName is [2017-07-07_00,52,55.450817]-CCIOReporter-001.xml, source path:/var/log/CoreCapture/com.apple.iokit.IO80211Family/OneStats//[2017-07-07_00,52,55.450817]-CCIOReporter-001.xml, dest path:/Library/Logs/CrashReporter/CoreCapture/com.apple.iokit.IO80211Family/[2017-07-07_00,52,54.449889]=AuthFail:sts:5_rsn:0/OneStats//[2017-07-07_00,52,55.450817]-CCIOReporter-001.xml
Jul  7 00:52:55 authorMacBook-Pro corecaptured[37602]: CCFile::captureLogRun Skipping current file Dir file [2017-07-07_00,52,55.484905]-CCIOReporter-002.xml, Current File [2017-07-07_00,52,55.484905]-CCIOReporter-002.xml
Jul  7 00:52:55 authorMacBook-Pro corecaptured[37602]: CCFile::captureLogRun() Exiting CCFile::captureLogRun 
Jul  7 00:52:55 authorMacBook-Pro corecaptured[37602]: Received Capture Event
Jul  7 00:52:55 authorMacBook-Pro corecaptured[37602]: CCFile::captureLog
Jul  7 00:52:55 authorMacBook-Pro corecaptured[37602]: CCFile::captureLog Received Capture notice id: 1499413974.449889, reason = AuthFail:sts:5_rsn:0
Jul  7 00:52:55 authorMacBook-Pro corecaptured[37602]: CCFile::copyFile fileName is [2017-07-07_00,52,55.450857]-AirPortBrcm4360_Logs-001.txt, source path:/var/log/CoreCapture/com.apple.driver.AirPort.Brcm4360.0/DriverLogs//[2017-07-07_00,52,55.450857]-AirPortBrcm4360_Logs-001.txt, dest path:/Library/Logs/CrashReporter/CoreCapture/com.apple.driver.AirPort.Brcm4360.0/[2017-07-07_00,52,54.449889]=AuthFail:sts:5_rsn:0/DriverLogs//[2017-07-07_00,52,55.450857]-AirPortBrcm4360_Logs-001.txt
Jul  7 00:52:55 authorMacBook-Pro corecaptured[37602]: CCFile::copyFile fileName is [2017-07-07_00,52,55.525663]-AirPortBrcm4360_Logs-002.txt, source path:/var/log/CoreCapture/com.apple.driver.AirPort.Brcm4360.0/DriverLogs//[2017-07-07_00,52,55.525663]-AirPortBrcm4360_Logs-002.txt, dest path:/Library/Logs/CrashReporter/CoreCapture/com.apple.driver.AirPort.Brcm4360.0/[2017-07-07_00,52,54.449889]=AuthFail:sts:5_rsn:0/DriverLogs//[2017-07-07_00,52,55.525663]-AirPortBrcm4360_Logs-002.txt
Jul  7 00:52:55 authorMacBook-Pro corecaptured[37602]: CCFile::copyFile fileName is [2017-07-07_00,52,55.580201]-AirPortBrcm4360_Logs-003.txt, source path:/var/log/CoreCapture/com.apple.driver.AirPort.Brcm4360.0/DriverLogs//[2017-07-07_00,52,55.580201]-AirPortBrcm4360_Logs-003.txt, dest path:/Library/Logs/CrashReporter/CoreCapture/com.apple.driver.AirPort.Brcm4360.0/[2017-07-07_00,52,54.449889]=AuthFail:sts:5_rsn:0/DriverLogs//[2017-07-07_00,52,55.580201]-AirPortBrcm4360_Logs-003.txt
Jul  7 00:52:55 authorMacBook-Pro corecaptured[37602]: CCFile::captureLogRun Skipping current file Dir file [2017-07-07_00,52,55.585994]-AirPortBrcm4360_Logs-004.txt, Current File [2017-07-07_00,52,55.585994]-AirPortBrcm4360_Logs-004.txt
Jul  7 00:52:55 authorMacBook-Pro corecaptured[37602]: CCFile::captureLogRun() Exiting CCFile::captureLogRun 
Jul  7 00:52:56 authorMacBook-Pro kernel[0]: Google Chrome He[37604] triggered unnest of range 0x7fff93c00000->0x7fff93e00000 of DYLD shared region in VM map 0x77c911453d625f7b. While not abnormal for debuggers, this increases system memory footprint until the target exits.
Jul  7 00:52:56 authorMacBook-Pro corecaptured[37602]: doSaveChannels@286: Will write to: /Library/Logs/CrashReporter/CoreCapture/IOReporters/[2017-07-07_00,52,54.449889] - AuthFail:sts:5_rsn:0.xml
Jul  7 00:52:57 authorMacBook-Pro networkd[195]: -[NETClientConnection effectiveBundleID] using process name apsd as bundle ID (this is expected for daemons without bundle ID
Jul  7 00:52:58 --- last message repeated 3 times ---
Jul  7 00:52:58 authorMacBook-Pro kernel[0]: AppleCamIn::handleWakeEvent_gated
Jul  7 00:52:58 authorMacBook-Pro networkd[195]: -[NETClientConnection effectiveBundleID] using process name apsd as bundle ID (this is expected for daemons without bundle ID
Jul  7 00:52:58 --- last message repeated 3 times ---
Jul  7 00:52:58 authorMacBook-Pro kernel[0]: AirPort: Link Up on en0
Jul  7 00:52:58 authorMacBook-Pro kernel[0]: en0: BSSID changed to 5c:50:15:4c:18:13
Jul  7 00:52:58 authorMacBook-Pro kernel[0]: en0: channel changed to 1
Jul  7 00:52:58 authorMacBook-Pro kernel[0]: en0::IO80211Interface::postMessage bssid changed
Jul  7 00:52:58 authorMacBook-Pro symptomsd[215]: -[NetworkAnalyticsEngine _writeJournalRecord:fromCellFingerprint:key:atLOI:ofKind:lqm:isFaulty:] Hashing of the primary key failed. Dropping the journal record.
Jul  7 00:52:58 authorMacBook-Pro kernel[0]: Unexpected payload found for message 9, dataLen 0
Jul  7 00:52:58 authorMacBook-Pro kernel[0]: Setting BTCoex Config: enable_2G:1, profile_2g:0, enable_5G:1, profile_5G:0
Jul  7 00:52:58 authorMacBook-Pro kernel[0]: IO80211AWDLPeerManager::setAwdlOperatingMode Setting the AWDL operation mode from SUSPENDED to AUTO
Jul  7 00:52:58 authorMacBook-Pro kernel[0]: IO80211AWDLPeerManager::setAwdlAutoMode Resuming AWDL
Jul  7 00:52:58 authorMacBook-Pro configd[53]: network changed: DNS* Proxy
Jul  7 00:52:58 authorMacBook-Pro UserEventAgent[43]: Captive: [CNInfoNetworkActive:1748] en0: SSID 'CalVisitor' making interface primary (cache indicates network not captive)
Jul  7 00:52:58 authorMacBook-Pro UserEventAgent[43]: Captive: CNPluginHandler en0: Evaluating
Jul  7 00:52:58 authorMacBook-Pro UserEventAgent[43]: Captive: en0: Not probing 'CalVisitor' (cache indicates not captive)
Jul  7 00:52:58 authorMacBook-Pro UserEventAgent[43]: Captive: CNPluginHandler en0: Authenticated
Jul  7 00:52:58 authorMacBook-Pro configd[53]: network changed: v6(en0!:2607:f140:6000:8:c6b3:1ff:fecd:467f) DNS+ Proxy+ SMB
Jul  7 00:52:59 authorMacBook-Pro networkd[195]: nw_nat64_post_new_ifstate successfully changed NAT64 ifstate from 0x8000000000000000 to 0x4
Jul  7 00:52:59 authorMacBook-Pro cdpd[11807]: Saw change in network reachability (isReachable=2)
Jul  7 00:52:59 authorMacBook-Pro symptomsd[215]: __73-[NetworkAnalyticsEngine observeValueForKeyPath:ofObject:change:context:]_block_invoke unexpected switch value 2
Jul  7 00:52:59 authorMacBook-Pro com.apple.WebKit.WebContent[25654]: [00:52:59.287] <<<< CRABS >>>> crabsFlumeHostAvailable: [0x7f961cf08cf0] Byte flume reports host available again.
Jul  7 00:52:59 authorMacBook-Pro networkd[195]: -[NETClientConnection evaluateCrazyIvan46] CI46 - Perform CrazyIvan46! NeteaseMusic.17988 tc11837 103.251.128.144:80
Jul  7 00:52:59 authorMacBook-Pro networkd[195]: -[NETClientConnection evaluateCrazyIvan46] CI46 - Perform CrazyIvan46! QQ.10018 tc24777 119.81.102.227:80
Jul  7 00:52:59 authorMacBook-Pro kernel[0]: AppleCamIn::handleWakeEvent_gated
Jul  7 00:52:59 authorMacBook-Pro sandboxd[129] ([10018]): QQ(10018) deny mach-lookup com.apple.networking.captivenetworksupport
Jul  7 00:52:59 authorMacBook-Pro configd[53]: network changed: v4(en0+:10.105.162.178) v6(en0:2607:f140:6000:8:c6b3:1ff:fecd:467f) DNS! Proxy SMB
Jul  7 00:52:59 authorMacBook-Pro networkd[195]: __42-[NETClientConnection evaluateCrazyIvan46]_block_invoke CI46 - Hit by torpedo! NeteaseMusic.17988 tc11837 103.251.128.144:80
Jul  7 00:52:59 authorMacBook-Pro networkd[195]: __42-[NETClientConnection evaluateCrazyIvan46]_block_invoke CI46 - Hit by torpedo! QQ.10018 tc24777 119.81.102.227:80
Jul  7 00:52:59 authorMacBook-Pro QQ[10018]: tcp_connection_handle_connect_conditions_bad 24777 failed: 3 - No network route
Jul  7 00:52:59 authorMacBook-Pro NeteaseMusic[17988]: tcp_connection_handle_connect_conditions_bad 11837 failed: 3 - No network route
Jul  7 00:52:59 calvisitor-10-105-162-178 configd[53]: setting hostname to "calvisitor-10-105-162-178.calvisitor.1918.berkeley.edu"
Jul  7 00:52:59 calvisitor-10-105-162-178 networkd[195]: -[NETClientConnection evaluateCrazyIvan46] CI46 - Perform CrazyIvan46! QQ.10018 tc24778 123.151.137.101:80
Jul  7 00:52:59 calvisitor-10-105-162-178 networkd[195]: __42-[NETClientConnection evaluateCrazyIvan46]_block_invoke CI46 - Hit by torpedo! QQ.10018 tc24778 123.151.137.101:80
Jul  7 00:52:59 calvisitor-10-105-162-178 networkd[195]: nw_nat64_post_new_ifstate successfully changed NAT64 ifstate from 0x4 to 0x8000000000000000
Jul  7 00:52:59 calvisitor-10-105-162-178 com.apple.WebKit.WebContent[25654]: [00:52:59.986] <<<< CRABS >>>> crabsFlumeHostUnavailable: [0x7f961cf08cf0] Byte flume reports host unavailable.
Jul  7 00:53:00 calvisitor-10-105-162-178 symptomsd[215]: __73-[NetworkAnalyticsEngine observeValueForKeyPath:ofObject:change:context:]_block_invoke unexpected switch value 2
Jul  7 00:53:00 calvisitor-10-105-162-178 com.apple.WebKit.WebContent[25654]: [00:53:00.194] <<<< CRABS >>>> crabsFlumeHostAvailable: [0x7f961cf08cf0] Byte flume reports host available again.
Jul  7 00:53:01 calvisitor-10-105-162-178 QQ[10018]: ############################## _getSysMsgList
Jul  7 00:53:02 --- last message repeated 1 time ---
Jul  7 00:53:02 calvisitor-10-105-162-178 QQ[10018]: FA||Url||taskID[2019353731] dealloc
Jul  7 00:53:03 calvisitor-10-105-162-178 com.apple.cts[258]: com.apple.Safari.SafeBrowsing.Update: scheduler_evaluate_activity told me to run this job; however, but the start time isn't for 558 seconds.  Ignoring.
Jul  7 00:53:03 calvisitor-10-105-162-178 com.apple.CDScheduler[258]: Thermal pressure state: 1 Memory pressure state: 0
Jul  7 00:53:03 calvisitor-10-105-162-178 com.apple.cts[258]: com.apple.icloud.fmfd.heartbeat: scheduler_evaluate_activity told me to run this job; however, but the start time isn't for 505383 seconds.  Ignoring.
Jul  7 00:53:03 calvisitor-10-105-162-178 com.apple.cts[258]: com.apple.suggestions.harvest: scheduler_evaluate_activity told me to run this job; however, but the start time isn't for 11606 seconds.  Ignoring.
Jul  7 00:53:03 calvisitor-10-105-162-178 com.apple.cts[258]: com.apple.EscrowSecurityAlert.daily: scheduler_evaluate_activity told me to run this job; however, but the start time isn't for 43928 seconds.  Ignoring.
Jul  7 00:53:03 calvisitor-10-105-162-178 com.apple.cts[43]: com.apple.CacheDelete.daily: scheduler_evaluate_activity told me to run this job; however, but the start time isn't for 43840 seconds.  Ignoring.
Jul  7 00:53:03 calvisitor-10-105-162-178 com.apple.cts[43]: com.apple.SoftwareUpdate.Activity: scheduler_evaluate_activity told me to run this job; however, but the start time isn't for 5726 seconds.  Ignoring.
Jul  7 00:53:03 calvisitor-10-105-162-178 com.apple.CDScheduler[43]: Thermal pressure state: 1 Memory pressure state: 0
Jul  7 00:53:03 calvisitor-10-105-162-178 com.apple.cts[258]: com.apple.Safari.SafeBrowsing.Update: scheduler_evaluate_activity told me to run this job; however, but the start time isn't for 558 seconds.  Ignoring.
Jul  7 00:53:03 calvisitor-10-105-162-178 com.apple.cts[43]: com.apple.CacheDelete.daily: scheduler_evaluate_activity told me to run this job; however, but the start time isn't for 43840 seconds.  Ignoring.
Jul  7 00:53:03 calvisitor-10-105-162-178 com.apple.cts[258]: com.apple.icloud.fmfd.heartbeat: scheduler_evaluate_activity told me to run this job; however, but the start time isn't for 505383 seconds.  Ignoring.
Jul  7 00:53:03 calvisitor-10-105-162-178 com.apple.cts[43]: com.apple.SoftwareUpdate.Activity: scheduler_evaluate_activity told me to run this job; however, but the start time isn't for 5726 seconds.  Ignoring.
Jul  7 00:53:03 calvisitor-10-105-162-178 com.apple.cts[258]: com.apple.suggestions.harvest: scheduler_evaluate_activity told me to run this job; however, but the start time isn't for 11606 seconds.  Ignoring.
Jul  7 00:53:03 calvisitor-10-105-162-178 com.apple.cts[258]: com.apple.EscrowSecurityAlert.daily: scheduler_evaluate_activity told me to run this job; however, but the start time isn't for 43928 seconds.  Ignoring.
Jul  7 00:53:04 calvisitor-10-105-162-178 CalendarAgent[279]: [com.apple.calendar.store.log.caldav.coredav] [Refusing to parse response to PROPPATCH because of content-type: [text/html; charset=UTF-8].]
Jul  7 00:53:04 calvisitor-10-105-162-178 com.apple.cts[258]: com.apple.Safari.SafeBrowsing.Update: scheduler_evaluate_activity told me to run this job; however, but the start time isn't for 557 seconds.  Ignoring.
Jul  7 00:53:04 calvisitor-10-105-162-178 com.apple.cts[258]: com.apple.icloud.fmfd.heartbeat: scheduler_evaluate_activity told me to run this job; however, but the start time isn't for 505382 seconds.  Ignoring.
Jul  7 00:53:04 calvisitor-10-105-162-178 com.apple.cts[258]: com.apple.suggestions.harvest: scheduler_evaluate_activity told me to run this job; however, but the start time isn't for 11605 seconds.  Ignoring.
Jul  7 00:53:04 calvisitor-10-105-162-178 com.apple.cts[258]: com.apple.EscrowSecurityAlert.daily: scheduler_evaluate_activity told me to run this job; however, but the start time isn't for 43927 seconds.  Ignoring.
Jul  7 00:53:04 calvisitor-10-105-162-178 CalendarAgent[279]: [com.apple.calendar.store.log.caldav.coredav] [Refusing to parse response to PROPPATCH because of content-type: [text/html; charset=UTF-8].]
Jul  7 00:53:05 calvisitor-10-105-162-178 com.apple.cts[258]: com.apple.Safari.SafeBrowsing.Update: scheduler_evaluate_activity told me to run this job; however, but the start time isn't for 556 seconds.  Ignoring.
Jul  7 00:53:05 calvisitor-10-105-162-178 com.apple.cts[258]: com.apple.icloud.fmfd.heartbeat: scheduler_evaluate_activity told me to run this job; however, but the start time isn't for 505381 seconds.  Ignoring.
Jul  7 00:53:05 calvisitor-10-105-162-178 com.apple.cts[258]: com.apple.suggestions.harvest: scheduler_evaluate_activity told me to run this job; however, but the start time isn't for 11604 seconds.  Ignoring.
Jul  7 00:53:05 calvisitor-10-105-162-178 com.apple.cts[258]: com.apple.EscrowSecurityAlert.daily: scheduler_evaluate_activity told me to run this job; however, but the start time isn't for 43926 seconds.  Ignoring.
Jul  7 00:53:07 calvisitor-10-105-162-178 sandboxd[129] ([345]): storeaccountd(345) deny file-write-create /Users/xpc/Library/Caches/com.evernote.Evernote
Jul  7 00:53:09 --- last message repeated 1 time ---
Jul  7 00:53:09 calvisitor-10-105-162-178 mds[63]: (DiskStore.Normal:2382) 20cb04f 1.000086
Jul  7 00:53:09 calvisitor-10-105-162-178 WeChat[24144]: jemmytest
Jul  7 00:53:14 --- last message repeated 35 times ---
Jul  7 00:53:14 calvisitor-10-105-162-178 com.apple.cts[258]: com.apple.Safari.SafeBrowsing.Update: scheduler_evaluate_activity told me to run this job; however, but the start time isn't for 547 seconds.  Ignoring.
Jul  7 00:53:14 calvisitor-10-105-162-178 com.apple.CDScheduler[258]: Thermal pressure state: 0 Memory pressure state: 0
Jul  7 00:53:14 calvisitor-10-105-162-178 com.apple.cts[258]: com.apple.icloud.fmfd.heartbeat: scheduler_evaluate_activity told me to run this job; however, but the start time isn't for 505372 seconds.  Ignoring.
Jul  7 00:53:14 calvisitor-10-105-162-178 com.apple.cts[258]: com.apple.suggestions.harvest: scheduler_evaluate_activity told me to run this job; however, but the start time isn't for 11595 seconds.  Ignoring.
Jul  7 00:53:14 calvisitor-10-105-162-178 com.apple.cts[258]: com.apple.EscrowSecurityAlert.daily: scheduler_evaluate_activity told me to run this job; however, but the start time isn't for 43917 seconds.  Ignoring.
Jul  7 00:53:14 calvisitor-10-105-162-178 com.apple.cts[43]: com.apple.CacheDelete.daily: scheduler_evaluate_activity told me to run this job; however, but the start time isn't for 43829 seconds.  Ignoring.
Jul  7 00:53:14 calvisitor-10-105-162-178 com.apple.CDScheduler[43]: Thermal pressure state: 0 Memory pressure state: 0
Jul  7 00:53:14 calvisitor-10-105-162-178 com.apple.cts[43]: com.apple.SoftwareUpdate.Activity: scheduler_evaluate_activity told me to run this job; however, but the start time isn't for 5715 seconds.  Ignoring.
Jul  7 00:53:14 calvisitor-10-105-162-178 com.apple.cts[258]: com.apple.Safari.SafeBrowsing.Update: scheduler_evaluate_activity told me to run this job; however, but the start time isn't for 547 seconds.  Ignoring.
Jul  7 00:53:14 calvisitor-10-105-162-178 com.apple.cts[43]: com.apple.CacheDelete.daily: scheduler_evaluate_activity told me to run this job; however, but the start time isn't for 43829 seconds.  Ignoring.
Jul  7 00:53:14 calvisitor-10-105-162-178 com.apple.cts[258]: com.apple.icloud.fmfd.heartbeat: scheduler_evaluate_activity told me to run this job; however, but the start time isn't for 505372 seconds.  Ignoring.
Jul  7 00:53:14 calvisitor-10-105-162-178 com.apple.cts[43]: com.apple.SoftwareUpdate.Activity: scheduler_evaluate_activity told me to run this job; however, but the start time isn't for 5715 seconds.  Ignoring.
Jul  7 00:53:14 calvisitor-10-105-162-178 com.apple.cts[258]: com.apple.suggestions.harvest: scheduler_evaluate_activity told me to run this job; however, but the start time isn't for 11595 seconds.  Ignoring.
